// Jest Snapshot v1, https://goo.gl/fbAQLP

exports[`Buttons renders correctly 1`] = `
<div
  className="ui segment ui form"
>
  <div
    className="ui dividing header"
  >
    Standard
  </div>
  <div
    className="ui form "
  >
    <div
      className="fields"
    >
      <div
        className="four wide field"
      >
        <div
          className="ui input"
        >
          <input
            name="value"
            onChange={[Function]}
            type="text"
            value=""
          />
        </div>
      </div>
      <div
        className="six wide field"
      >
        <button
          className="ui icon primary left labeled button"
          onClick={[Function]}
        >
          <i
            aria-hidden="true"
            className="check icon"
            onClick={[Function]}
          />
          Approve
        </button>
      </div>
      <div
        className="six wide field"
      >
        <button
          className="ui red icon left labeled button"
          onClick={[Function]}
        >
          <i
            aria-hidden="true"
            className="ban icon"
            onClick={[Function]}
          />
          Reject
        </button>
      </div>
    </div>
  </div>
  <div
    className="ui dividing header"
  >
    Readonly
  </div>
  <div
    className="ui form form-hjcaghiia"
  >
    <div
      className="fields"
    >
      <div
        className="four wide field"
      >
        <div
          className="ui disabled input"
        >
          <input
            disabled={true}
            name="value"
            onChange={[Function]}
            tabIndex={-1}
            type="text"
            value=""
          />
        </div>
      </div>
    </div>
  </div>
</div>
`;
