// Jest Snapshot v1, https://goo.gl/fbAQLP

exports[`M renders correctly 1`] = `
<div
  className="ui segment ui form"
>
  <div
    className="ui dividing header"
  >
    Standard
  </div>
  <div
    className="ui form "
  >
    <div
      className="fields"
    >
      <div
        className="sixteen wide field"
      >
        <label
          htmlFor="description"
        >
          Description
        </label>
        <textarea
          error=""
          name="description"
          onChange={[Function]}
          onInput={[Function]}
          placeholder={null}
          rows={3}
          style={
            Object {
              "resize": "",
            }
          }
          value="Some Description"
        />
      </div>
    </div>
    <div
      className="fields"
    >
      <div
        className="sixteen wide field"
      >
        <label
          htmlFor="empty"
        >
          Description
        </label>
        <textarea
          error=""
          name="empty"
          onChange={[Function]}
          onInput={[Function]}
          placeholder="Render me!"
          rows={3}
          style={
            Object {
              "resize": "",
            }
          }
          value=""
        />
      </div>
    </div>
  </div>
  <div
    className="ui dividing header"
  >
    Readonly
  </div>
  <div
    className="ui form form-hjcaghiia"
  >
    <div
      className="fields"
    >
      <div
        className="sixteen wide field"
      >
        <label
          htmlFor="description"
        >
          Description
        </label>
        <textarea
          disabled={true}
          error=""
          name="description"
          onChange={[Function]}
          onInput={[Function]}
          placeholder={null}
          rows={3}
          style={
            Object {
              "resize": "",
            }
          }
          value="Some Description"
        />
      </div>
    </div>
    <div
      className="fields"
    >
      <div
        className="sixteen wide field"
      >
        <label
          htmlFor="empty"
        >
          Description
        </label>
        <textarea
          disabled={true}
          error=""
          name="empty"
          onChange={[Function]}
          onInput={[Function]}
          placeholder="Render me!"
          rows={3}
          style={
            Object {
              "resize": "",
            }
          }
          value=""
        />
      </div>
    </div>
  </div>
</div>
`;

exports[`Menu  renders correctly 1`] = `
<div
  className="ui segment ui form"
>
  <div
    className="ui dividing header"
  >
    Standard
  </div>
  <div
    className="ui form "
  >
    <div
      className="fields"
    >
      <div
        className="sixteen wide field"
      >
        <label
          htmlFor="description"
        >
          Description
        </label>
        <textarea
          error=""
          name="description"
          onChange={[Function]}
          onInput={[Function]}
          placeholder={null}
          rows={3}
          style={
            Object {
              "resize": "",
            }
          }
          value="Some Description"
        />
      </div>
    </div>
    <div
      className="fields"
    >
      <div
        className="sixteen wide field"
      >
        <label
          htmlFor="empty"
        >
          Description
        </label>
        <textarea
          error=""
          name="empty"
          onChange={[Function]}
          onInput={[Function]}
          placeholder="Render me!"
          rows={3}
          style={
            Object {
              "resize": "",
            }
          }
          value=""
        />
      </div>
    </div>
  </div>
  <div
    className="ui dividing header"
  >
    Readonly
  </div>
  <div
    className="ui form form-hjcaghiia"
  >
    <div
      className="fields"
    >
      <div
        className="sixteen wide field"
      >
        <label
          htmlFor="description"
        >
          Description
        </label>
        <textarea
          disabled={true}
          error=""
          name="description"
          onChange={[Function]}
          onInput={[Function]}
          placeholder={null}
          rows={3}
          style={
            Object {
              "resize": "",
            }
          }
          value="Some Description"
        />
      </div>
    </div>
    <div
      className="fields"
    >
      <div
        className="sixteen wide field"
      >
        <label
          htmlFor="empty"
        >
          Description
        </label>
        <textarea
          disabled={true}
          error=""
          name="empty"
          onChange={[Function]}
          onInput={[Function]}
          placeholder="Render me!"
          rows={3}
          style={
            Object {
              "resize": "",
            }
          }
          value=""
        />
      </div>
    </div>
  </div>
</div>
`;

exports[`Menu Projection Tabular renders tab menu 1`] = `
<div
  className="ui segment ui form"
>
  <div
    className="ui dividing header"
  >
    Standard
  </div>
  <div
    className="ui form "
  >
    <div
      className="fields"
    >
      <div
        className="sixteen wide field"
      >
        <div
          className="ui top attached tabular menu"
        >
          <a
            className="active item"
            onClick={[Function]}
          >
            <i
              aria-hidden="true"
              className="user icon"
              onClick={[Function]}
            />
            Person
          </a>
          <a
            className="item"
            onClick={[Function]}
          >
            <i
              aria-hidden="true"
              className="car icon"
              onClick={[Function]}
            />
            Car
          </a>
        </div>
        <div
          className="ui bottom attached segment"
        >
          <div
            className="ui form "
          >
            <div
              className="fields"
            >
              <div
                className="eight wide field"
              >
                <label
                  htmlFor="name"
                >
                  Name
                </label>
                <div
                  className="ui input"
                >
                  <input
                    name="name"
                    onChange={[Function]}
                    type="text"
                    value=""
                  />
                </div>
              </div>
              <div
                className="eight wide field"
              >
                <label
                  htmlFor="address"
                >
                  Address
                </label>
                <div
                  className="ui input"
                >
                  <input
                    name="address"
                    onChange={[Function]}
                    type="text"
                    value=""
                  />
                </div>
              </div>
            </div>
          </div>
        </div>
      </div>
    </div>
  </div>
  <div
    className="ui dividing header"
  >
    Readonly
  </div>
  <div
    className="ui form form-hjcaghiia"
  >
    <div
      className="fields"
    >
      <div
        className="sixteen wide field"
      >
        <div
          className="ui top attached tabular menu"
        >
          <a
            className="active item"
            onClick={[Function]}
          >
            <i
              aria-hidden="true"
              className="user icon"
              onClick={[Function]}
            />
            Person
          </a>
          <a
            className="item"
            onClick={[Function]}
          >
            <i
              aria-hidden="true"
              className="car icon"
              onClick={[Function]}
            />
            Car
          </a>
        </div>
        <div
          className="ui bottom attached segment"
        >
          <div
            className="ui form form-hjcaghiia"
          >
            <div
              className="fields"
            >
              <div
                className="eight wide field"
              >
                <label
                  htmlFor="name"
                >
                  Name
                </label>
                <div
                  className="ui disabled input"
                >
                  <input
                    disabled={true}
                    name="name"
                    onChange={[Function]}
                    tabIndex={-1}
                    type="text"
                    value=""
                  />
                </div>
              </div>
              <div
                className="eight wide field"
              >
                <label
                  htmlFor="address"
                >
                  Address
                </label>
                <div
                  className="ui disabled input"
                >
                  <input
                    disabled={true}
                    name="address"
                    onChange={[Function]}
                    tabIndex={-1}
                    type="text"
                    value=""
                  />
                </div>
              </div>
            </div>
          </div>
        </div>
      </div>
    </div>
  </div>
</div>
`;

exports[`Menu Projection renders tab menu 1`] = `
<div
  className="ui segment ui form"
>
  <div
    className="ui dividing header"
  >
    Standard
  </div>
  <div
    className="ui form "
  >
    <div
      className="fields"
    >
      <div
        className="sixteen wide field"
      >
        <div
          className="ui top attached tabular menu"
        >
          <a
            className="active item"
            onClick={[Function]}
          >
            <i
              aria-hidden="true"
              className="user icon"
              onClick={[Function]}
            />
            Person
          </a>
          <a
            className="item"
            onClick={[Function]}
          >
            <i
              aria-hidden="true"
              className="car icon"
              onClick={[Function]}
            />
            Car
          </a>
        </div>
        <div
          className="ui bottom attached segment"
        >
          <div
            className="ui form "
          >
            <div
              className="fields"
            >
              <div
                className="eight wide field"
              >
                <label
                  htmlFor="name"
                >
                  Name
                </label>
                <div
                  className="ui input"
                >
                  <input
                    name="name"
                    onChange={[Function]}
                    type="text"
                    value=""
                  />
                </div>
              </div>
              <div
                className="eight wide field"
              >
                <label
                  htmlFor="address"
                >
                  Address
                </label>
                <div
                  className="ui input"
                >
                  <input
                    name="address"
                    onChange={[Function]}
                    type="text"
                    value=""
                  />
                </div>
              </div>
            </div>
          </div>
        </div>
      </div>
    </div>
  </div>
  <div
    className="ui dividing header"
  >
    Readonly
  </div>
  <div
    className="ui form form-hjcaghiia"
  >
    <div
      className="fields"
    >
      <div
        className="sixteen wide field"
      >
        <div
          className="ui top attached tabular menu"
        >
          <a
            className="active item"
            onClick={[Function]}
          >
            <i
              aria-hidden="true"
              className="user icon"
              onClick={[Function]}
            />
            Person
          </a>
          <a
            className="item"
            onClick={[Function]}
          >
            <i
              aria-hidden="true"
              className="car icon"
              onClick={[Function]}
            />
            Car
          </a>
        </div>
        <div
          className="ui bottom attached segment"
        >
          <div
            className="ui form form-hjcaghiia"
          >
            <div
              className="fields"
            >
              <div
                className="eight wide field"
              >
                <label
                  htmlFor="name"
                >
                  Name
                </label>
                <div
                  className="ui disabled input"
                >
                  <input
                    disabled={true}
                    name="name"
                    onChange={[Function]}
                    tabIndex={-1}
                    type="text"
                    value=""
                  />
                </div>
              </div>
              <div
                className="eight wide field"
              >
                <label
                  htmlFor="address"
                >
                  Address
                </label>
                <div
                  className="ui disabled input"
                >
                  <input
                    disabled={true}
                    name="address"
                    onChange={[Function]}
                    tabIndex={-1}
                    type="text"
                    value=""
                  />
                </div>
              </div>
            </div>
          </div>
        </div>
      </div>
    </div>
  </div>
</div>
`;

exports[`Menu Vi renders correctly 1`] = `
<div
  className="ui segment ui form"
>
  <div
    className="ui dividing header"
  >
    Standard
  </div>
  <div
    className="ui form "
  >
    <div
      className="fields"
    >
      <div
        className="sixteen wide field"
      >
        <label
          htmlFor="description"
        >
          Description
        </label>
        <textarea
          error=""
          name="description"
          onChange={[Function]}
          onInput={[Function]}
          placeholder={null}
          rows={3}
          style={
            Object {
              "resize": "",
            }
          }
          value="Some Description"
        />
      </div>
    </div>
    <div
      className="fields"
    >
      <div
        className="sixteen wide field"
      >
        <label
          htmlFor="empty"
        >
          Description
        </label>
        <textarea
          error=""
          name="empty"
          onChange={[Function]}
          onInput={[Function]}
          placeholder="Render me!"
          rows={3}
          style={
            Object {
              "resize": "",
            }
          }
          value=""
        />
      </div>
    </div>
  </div>
  <div
    className="ui dividing header"
  >
    Readonly
  </div>
  <div
    className="ui form form-hjcaghiia"
  >
    <div
      className="fields"
    >
      <div
        className="sixteen wide field"
      >
        <label
          htmlFor="description"
        >
          Description
        </label>
        <textarea
          disabled={true}
          error=""
          name="description"
          onChange={[Function]}
          onInput={[Function]}
          placeholder={null}
          rows={3}
          style={
            Object {
              "resize": "",
            }
          }
          value="Some Description"
        />
      </div>
    </div>
    <div
      className="fields"
    >
      <div
        className="sixteen wide field"
      >
        <label
          htmlFor="empty"
        >
          Description
        </label>
        <textarea
          disabled={true}
          error=""
          name="empty"
          onChange={[Function]}
          onInput={[Function]}
          placeholder="Render me!"
          rows={3}
          style={
            Object {
              "resize": "",
            }
          }
          value=""
        />
      </div>
    </div>
  </div>
</div>
`;

exports[`Menu View renders correctly 1`] = `
<div
  className="ui segment ui form"
>
  <div
    className="ui dividing header"
  >
    Standard
  </div>
  <div
    className="ui form "
  >
    <div
      className="fields"
    >
      <div
        className="sixteen wide field"
      >
        <label
          htmlFor="description"
        >
          Description
        </label>
        <textarea
          error=""
          name="description"
          onChange={[Function]}
          onInput={[Function]}
          placeholder={null}
          rows={3}
          style={
            Object {
              "resize": "",
            }
          }
          value="Some Description"
        />
      </div>
    </div>
    <div
      className="fields"
    >
      <div
        className="sixteen wide field"
      >
        <label
          htmlFor="empty"
        >
          Description
        </label>
        <textarea
          error=""
          name="empty"
          onChange={[Function]}
          onInput={[Function]}
          placeholder="Render me!"
          rows={3}
          style={
            Object {
              "resize": "",
            }
          }
          value=""
        />
      </div>
    </div>
  </div>
  <div
    className="ui dividing header"
  >
    Readonly
  </div>
  <div
    className="ui form form-hjcaghiia"
  >
    <div
      className="fields"
    >
      <div
        className="sixteen wide field"
      >
        <label
          htmlFor="description"
        >
          Description
        </label>
        <textarea
          disabled={true}
          error=""
          name="description"
          onChange={[Function]}
          onInput={[Function]}
          placeholder={null}
          rows={3}
          style={
            Object {
              "resize": "",
            }
          }
          value="Some Description"
        />
      </div>
    </div>
    <div
      className="fields"
    >
      <div
        className="sixteen wide field"
      >
        <label
          htmlFor="empty"
        >
          Description
        </label>
        <textarea
          disabled={true}
          error=""
          name="empty"
          onChange={[Function]}
          onInput={[Function]}
          placeholder="Render me!"
          rows={3}
          style={
            Object {
              "resize": "",
            }
          }
          value=""
        />
      </div>
    </div>
  </div>
</div>
`;

exports[`MenuV Projection renders tab menu 1`] = `
<div
  className="ui segment ui form"
>
  <div
    className="ui dividing header"
  >
    Standard
  </div>
  <div
    className="ui form "
  >
    <div
      className="fields"
    >
      <div
        className="sixteen wide field"
      >
        <div
          className="ui top attached tabular menu"
        >
          <a
            className="active item"
            onClick={[Function]}
          >
            <i
              aria-hidden="true"
              className="user icon"
              onClick={[Function]}
            />
            Person
          </a>
          <a
            className="item"
            onClick={[Function]}
          >
            <i
              aria-hidden="true"
              className="car icon"
              onClick={[Function]}
            />
            Car
          </a>
        </div>
        <div
          className="ui bottom attached segment"
        >
          <div
            className="ui form "
          >
            <div
              className="fields"
            >
              <div
                className="eight wide field"
              >
                <label
                  htmlFor="name"
                >
                  Name
                </label>
                <div
                  className="ui input"
                >
                  <input
                    name="name"
                    onChange={[Function]}
                    type="text"
                    value=""
                  />
                </div>
              </div>
              <div
                className="eight wide field"
              >
                <label
                  htmlFor="address"
                >
                  Address
                </label>
                <div
                  className="ui input"
                >
                  <input
                    name="address"
                    onChange={[Function]}
                    type="text"
                    value=""
                  />
                </div>
              </div>
            </div>
          </div>
        </div>
      </div>
    </div>
  </div>
  <div
    className="ui dividing header"
  >
    Readonly
  </div>
  <div
    className="ui form form-hjcaghiia"
  >
    <div
      className="fields"
    >
      <div
        className="sixteen wide field"
      >
        <div
          className="ui top attached tabular menu"
        >
          <a
            className="active item"
            onClick={[Function]}
          >
            <i
              aria-hidden="true"
              className="user icon"
              onClick={[Function]}
            />
            Person
          </a>
          <a
            className="item"
            onClick={[Function]}
          >
            <i
              aria-hidden="true"
              className="car icon"
              onClick={[Function]}
            />
            Car
          </a>
        </div>
        <div
          className="ui bottom attached segment"
        >
          <div
            className="ui form form-hjcaghiia"
          >
            <div
              className="fields"
            >
              <div
                className="eight wide field"
              >
                <label
                  htmlFor="name"
                >
                  Name
                </label>
                <div
                  className="ui disabled input"
                >
                  <input
                    disabled={true}
                    name="name"
                    onChange={[Function]}
                    tabIndex={-1}
                    type="text"
                    value=""
                  />
                </div>
              </div>
              <div
                className="eight wide field"
              >
                <label
                  htmlFor="address"
                >
                  Address
                </label>
                <div
                  className="ui disabled input"
                >
                  <input
                    disabled={true}
                    name="address"
                    onChange={[Function]}
                    tabIndex={-1}
                    type="text"
                    value=""
                  />
                </div>
              </div>
            </div>
          </div>
        </div>
      </div>
    </div>
  </div>
</div>
`;

exports[`MenuVi Projection renders tab menu 1`] = `
<div
  className="ui segment ui form"
>
  <div
    className="ui dividing header"
  >
    Standard
  </div>
  <div
    className="ui form "
  >
    <div
      className="fields"
    >
      <div
        className="sixteen wide field"
      >
        <div
          className="ui top attached tabular menu"
        >
          <a
            className="active item"
            onClick={[Function]}
          >
            <i
              aria-hidden="true"
              className="user icon"
              onClick={[Function]}
            />
            Person
          </a>
          <a
            className="item"
            onClick={[Function]}
          >
            <i
              aria-hidden="true"
              className="car icon"
              onClick={[Function]}
            />
            Car
          </a>
        </div>
        <div
          className="ui bottom attached segment"
        >
          <div
            className="ui form "
          >
            <div
              className="fields"
            >
              <div
                className="eight wide field"
              >
                <label
                  htmlFor="name"
                >
                  Name
                </label>
                <div
                  className="ui input"
                >
                  <input
                    name="name"
                    onChange={[Function]}
                    type="text"
                    value=""
                  />
                </div>
              </div>
              <div
                className="eight wide field"
              >
                <label
                  htmlFor="address"
                >
                  Address
                </label>
                <div
                  className="ui input"
                >
                  <input
                    name="address"
                    onChange={[Function]}
                    type="text"
                    value=""
                  />
                </div>
              </div>
            </div>
          </div>
        </div>
      </div>
    </div>
  </div>
  <div
    className="ui dividing header"
  >
    Readonly
  </div>
  <div
    className="ui form form-hjcaghiia"
  >
    <div
      className="fields"
    >
      <div
        className="sixteen wide field"
      >
        <div
          className="ui top attached tabular menu"
        >
          <a
            className="active item"
            onClick={[Function]}
          >
            <i
              aria-hidden="true"
              className="user icon"
              onClick={[Function]}
            />
            Person
          </a>
          <a
            className="item"
            onClick={[Function]}
          >
            <i
              aria-hidden="true"
              className="car icon"
              onClick={[Function]}
            />
            Car
          </a>
        </div>
        <div
          className="ui bottom attached segment"
        >
          <div
            className="ui form form-hjcaghiia"
          >
            <div
              className="fields"
            >
              <div
                className="eight wide field"
              >
                <label
                  htmlFor="name"
                >
                  Name
                </label>
                <div
                  className="ui disabled input"
                >
                  <input
                    disabled={true}
                    name="name"
                    onChange={[Function]}
                    tabIndex={-1}
                    type="text"
                    value=""
                  />
                </div>
              </div>
              <div
                className="eight wide field"
              >
                <label
                  htmlFor="address"
                >
                  Address
                </label>
                <div
                  className="ui disabled input"
                >
                  <input
                    disabled={true}
                    name="address"
                    onChange={[Function]}
                    tabIndex={-1}
                    type="text"
                    value=""
                  />
                </div>
              </div>
            </div>
          </div>
        </div>
      </div>
    </div>
  </div>
</div>
`;

exports[`MenuVie Projection renders tab menu 1`] = `
<div
  className="ui segment ui form"
>
  <div
    className="ui dividing header"
  >
    Standard
  </div>
  <div
    className="ui form "
  >
    <div
      className="fields"
    >
      <div
        className="sixteen wide field"
      >
        <div
          className="ui top attached tabular menu"
        >
          <a
            className="active item"
            onClick={[Function]}
          >
            <i
              aria-hidden="true"
              className="user icon"
              onClick={[Function]}
            />
            Person
          </a>
          <a
            className="item"
            onClick={[Function]}
          >
            <i
              aria-hidden="true"
              className="car icon"
              onClick={[Function]}
            />
            Car
          </a>
        </div>
        <div
          className="ui bottom attached segment"
        >
          <div
            className="ui form "
          >
            <div
              className="fields"
            >
              <div
                className="eight wide field"
              >
                <label
                  htmlFor="name"
                >
                  Name
                </label>
                <div
                  className="ui input"
                >
                  <input
                    name="name"
                    onChange={[Function]}
                    type="text"
                    value=""
                  />
                </div>
              </div>
              <div
                className="eight wide field"
              >
                <label
                  htmlFor="address"
                >
                  Address
                </label>
                <div
                  className="ui input"
                >
                  <input
                    name="address"
                    onChange={[Function]}
                    type="text"
                    value=""
                  />
                </div>
              </div>
            </div>
          </div>
        </div>
      </div>
    </div>
  </div>
  <div
    className="ui dividing header"
  >
    Readonly
  </div>
  <div
    className="ui form form-hjcaghiia"
  >
    <div
      className="fields"
    >
      <div
        className="sixteen wide field"
      >
        <div
          className="ui top attached tabular menu"
        >
          <a
            className="active item"
            onClick={[Function]}
          >
            <i
              aria-hidden="true"
              className="user icon"
              onClick={[Function]}
            />
            Person
          </a>
          <a
            className="item"
            onClick={[Function]}
          >
            <i
              aria-hidden="true"
              className="car icon"
              onClick={[Function]}
            />
            Car
          </a>
        </div>
        <div
          className="ui bottom attached segment"
        >
          <div
            className="ui form form-hjcaghiia"
          >
            <div
              className="fields"
            >
              <div
                className="eight wide field"
              >
                <label
                  htmlFor="name"
                >
                  Name
                </label>
                <div
                  className="ui disabled input"
                >
                  <input
                    disabled={true}
                    name="name"
                    onChange={[Function]}
                    tabIndex={-1}
                    type="text"
                    value=""
                  />
                </div>
              </div>
              <div
                className="eight wide field"
              >
                <label
                  htmlFor="address"
                >
                  Address
                </label>
                <div
                  className="ui disabled input"
                >
                  <input
                    disabled={true}
                    name="address"
                    onChange={[Function]}
                    tabIndex={-1}
                    type="text"
                    value=""
                  />
                </div>
              </div>
            </div>
          </div>
        </div>
      </div>
    </div>
  </div>
</div>
`;

exports[`MenuView MProjection renders tab menu 1`] = `
<div
  className="ui segment ui form"
>
  <div
    className="ui dividing header"
  >
    Standard
  </div>
  <div
    className="ui form "
  >
    <div
      className="fields"
    >
      <div
        className="sixteen wide field"
      >
        <div
          className="ui top attached tabular menu"
        >
          <a
            className="active item"
            onClick={[Function]}
          >
            <i
              aria-hidden="true"
              className="user icon"
              onClick={[Function]}
            />
            Person
          </a>
          <a
            className="item"
            onClick={[Function]}
          >
            <i
              aria-hidden="true"
              className="car icon"
              onClick={[Function]}
            />
            Car
          </a>
        </div>
        <div
          className="ui bottom attached segment"
        >
          <div
            className="ui form "
          >
            <div
              className="fields"
            >
              <div
                className="eight wide field"
              >
                <label
                  htmlFor="name"
                >
                  Name
                </label>
                <div
                  className="ui input"
                >
                  <input
                    name="name"
                    onChange={[Function]}
                    type="text"
                    value=""
                  />
                </div>
              </div>
              <div
                className="eight wide field"
              >
                <label
                  htmlFor="address"
                >
                  Address
                </label>
                <div
                  className="ui input"
                >
                  <input
                    name="address"
                    onChange={[Function]}
                    type="text"
                    value=""
                  />
                </div>
              </div>
            </div>
          </div>
        </div>
      </div>
    </div>
  </div>
  <div
    className="ui dividing header"
  >
    Readonly
  </div>
  <div
    className="ui form form-hjcaghiia"
  >
    <div
      className="fields"
    >
      <div
        className="sixteen wide field"
      >
        <div
          className="ui top attached tabular menu"
        >
          <a
            className="active item"
            onClick={[Function]}
          >
            <i
              aria-hidden="true"
              className="user icon"
              onClick={[Function]}
            />
            Person
          </a>
          <a
            className="item"
            onClick={[Function]}
          >
            <i
              aria-hidden="true"
              className="car icon"
              onClick={[Function]}
            />
            Car
          </a>
        </div>
        <div
          className="ui bottom attached segment"
        >
          <div
            className="ui form form-hjcaghiia"
          >
            <div
              className="fields"
            >
              <div
                className="eight wide field"
              >
                <label
                  htmlFor="name"
                >
                  Name
                </label>
                <div
                  className="ui disabled input"
                >
                  <input
                    disabled={true}
                    name="name"
                    onChange={[Function]}
                    tabIndex={-1}
                    type="text"
                    value=""
                  />
                </div>
              </div>
              <div
                className="eight wide field"
              >
                <label
                  htmlFor="address"
                >
                  Address
                </label>
                <div
                  className="ui disabled input"
                >
                  <input
                    disabled={true}
                    name="address"
                    onChange={[Function]}
                    tabIndex={-1}
                    type="text"
                    value=""
                  />
                </div>
              </div>
            </div>
          </div>
        </div>
      </div>
    </div>
  </div>
</div>
`;

exports[`MenuView Menu Projection renders correctly 1`] = `
<div
  className="ui segment ui form"
>
  <div
    className="ui dividing header"
  >
    Standard
  </div>
  <div
    className="ui form "
  >
    <div
      className="fields"
    >
      <div
        className="sixteen wide field"
      >
        <label
          htmlFor="description"
        >
          Description
        </label>
        <textarea
          error=""
          name="description"
          onChange={[Function]}
          onInput={[Function]}
          placeholder={null}
          rows={3}
          style={
            Object {
              "resize": "",
            }
          }
          value="Some Description"
        />
      </div>
    </div>
    <div
      className="fields"
    >
      <div
        className="sixteen wide field"
      >
        <label
          htmlFor="empty"
        >
          Description
        </label>
        <textarea
          error=""
          name="empty"
          onChange={[Function]}
          onInput={[Function]}
          placeholder="Render me!"
          rows={3}
          style={
            Object {
              "resize": "",
            }
          }
          value=""
        />
      </div>
    </div>
  </div>
  <div
    className="ui dividing header"
  >
    Readonly
  </div>
  <div
    className="ui form form-hjcaghiia"
  >
    <div
      className="fields"
    >
      <div
        className="sixteen wide field"
      >
        <label
          htmlFor="description"
        >
          Description
        </label>
        <textarea
          disabled={true}
          error=""
          name="description"
          onChange={[Function]}
          onInput={[Function]}
          placeholder={null}
          rows={3}
          style={
            Object {
              "resize": "",
            }
          }
          value="Some Description"
        />
      </div>
    </div>
    <div
      className="fields"
    >
      <div
        className="sixteen wide field"
      >
        <label
          htmlFor="empty"
        >
          Description
        </label>
        <textarea
          disabled={true}
          error=""
          name="empty"
          onChange={[Function]}
          onInput={[Function]}
          placeholder="Render me!"
          rows={3}
          style={
            Object {
              "resize": "",
            }
          }
          value=""
        />
      </div>
    </div>
  </div>
</div>
`;

exports[`MenuView Menu Projection renders t 1`] = `
<div
  className="ui segment ui form"
>
  <div
    className="ui dividing header"
  >
    Standard
  </div>
  <div
    className="ui form "
  >
    <div
      className="fields"
    >
      <div
        className="sixteen wide field"
      >
        <div
          className="ui top attached tabular menu"
        >
          <a
            className="active item"
            onClick={[Function]}
          >
            <i
              aria-hidden="true"
              className="user icon"
              onClick={[Function]}
            />
            Person
          </a>
          <a
            className="item"
            onClick={[Function]}
          >
            <i
              aria-hidden="true"
              className="car icon"
              onClick={[Function]}
            />
            Car
          </a>
        </div>
        <div
          className="ui bottom attached segment"
        >
          <div
            className="ui form "
          >
            <div
              className="fields"
            >
              <div
                className="eight wide field"
              >
                <label
                  htmlFor="name"
                >
                  Name
                </label>
                <div
                  className="ui input"
                >
                  <input
                    name="name"
                    onChange={[Function]}
                    type="text"
                    value=""
                  />
                </div>
              </div>
              <div
                className="eight wide field"
              >
                <label
                  htmlFor="address"
                >
                  Address
                </label>
                <div
                  className="ui input"
                >
                  <input
                    name="address"
                    onChange={[Function]}
                    type="text"
                    value=""
                  />
                </div>
              </div>
            </div>
          </div>
        </div>
      </div>
    </div>
  </div>
  <div
    className="ui dividing header"
  >
    Readonly
  </div>
  <div
    className="ui form form-hjcaghiia"
  >
    <div
      className="fields"
    >
      <div
        className="sixteen wide field"
      >
        <div
          className="ui top attached tabular menu"
        >
          <a
            className="active item"
            onClick={[Function]}
          >
            <i
              aria-hidden="true"
              className="user icon"
              onClick={[Function]}
            />
            Person
          </a>
          <a
            className="item"
            onClick={[Function]}
          >
            <i
              aria-hidden="true"
              className="car icon"
              onClick={[Function]}
            />
            Car
          </a>
        </div>
        <div
          className="ui bottom attached segment"
        >
          <div
            className="ui form form-hjcaghiia"
          >
            <div
              className="fields"
            >
              <div
                className="eight wide field"
              >
                <label
                  htmlFor="name"
                >
                  Name
                </label>
                <div
                  className="ui disabled input"
                >
                  <input
                    disabled={true}
                    name="name"
                    onChange={[Function]}
                    tabIndex={-1}
                    type="text"
                    value=""
                  />
                </div>
              </div>
              <div
                className="eight wide field"
              >
                <label
                  htmlFor="address"
                >
                  Address
                </label>
                <div
                  className="ui disabled input"
                >
                  <input
                    disabled={true}
                    name="address"
                    onChange={[Function]}
                    tabIndex={-1}
                    type="text"
                    value=""
                  />
                </div>
              </div>
            </div>
          </div>
        </div>
      </div>
    </div>
  </div>
</div>
`;

exports[`MenuView Menu Projection renders tab 1`] = `
<div
  className="ui segment ui form"
>
  <div
    className="ui dividing header"
  >
    Standard
  </div>
  <div
    className="ui form "
  >
    <div
      className="fields"
    >
      <div
        className="sixteen wide field"
      >
        <div
          className="ui top attached tabular menu"
        >
          <a
            className="active item"
            onClick={[Function]}
          >
            <i
              aria-hidden="true"
              className="user icon"
              onClick={[Function]}
            />
            Person
          </a>
          <a
            className="item"
            onClick={[Function]}
          >
            <i
              aria-hidden="true"
              className="car icon"
              onClick={[Function]}
            />
            Car
          </a>
        </div>
        <div
          className="ui bottom attached segment"
        >
          <div
            className="ui form "
          >
            <div
              className="fields"
            >
              <div
                className="eight wide field"
              >
                <label
                  htmlFor="name"
                >
                  Name
                </label>
                <div
                  className="ui input"
                >
                  <input
                    name="name"
                    onChange={[Function]}
                    type="text"
                    value=""
                  />
                </div>
              </div>
              <div
                className="eight wide field"
              >
                <label
                  htmlFor="address"
                >
                  Address
                </label>
                <div
                  className="ui input"
                >
                  <input
                    name="address"
                    onChange={[Function]}
                    type="text"
                    value=""
                  />
                </div>
              </div>
            </div>
          </div>
        </div>
      </div>
    </div>
  </div>
  <div
    className="ui dividing header"
  >
    Readonly
  </div>
  <div
    className="ui form form-hjcaghiia"
  >
    <div
      className="fields"
    >
      <div
        className="sixteen wide field"
      >
        <div
          className="ui top attached tabular menu"
        >
          <a
            className="active item"
            onClick={[Function]}
          >
            <i
              aria-hidden="true"
              className="user icon"
              onClick={[Function]}
            />
            Person
          </a>
          <a
            className="item"
            onClick={[Function]}
          >
            <i
              aria-hidden="true"
              className="car icon"
              onClick={[Function]}
            />
            Car
          </a>
        </div>
        <div
          className="ui bottom attached segment"
        >
          <div
            className="ui form form-hjcaghiia"
          >
            <div
              className="fields"
            >
              <div
                className="eight wide field"
              >
                <label
                  htmlFor="name"
                >
                  Name
                </label>
                <div
                  className="ui disabled input"
                >
                  <input
                    disabled={true}
                    name="name"
                    onChange={[Function]}
                    tabIndex={-1}
                    type="text"
                    value=""
                  />
                </div>
              </div>
              <div
                className="eight wide field"
              >
                <label
                  htmlFor="address"
                >
                  Address
                </label>
                <div
                  className="ui disabled input"
                >
                  <input
                    disabled={true}
                    name="address"
                    onChange={[Function]}
                    tabIndex={-1}
                    type="text"
                    value=""
                  />
                </div>
              </div>
            </div>
          </div>
        </div>
      </div>
    </div>
  </div>
</div>
`;

exports[`MenuView Menu Projection renders tab m 1`] = `
<div
  className="ui segment ui form"
>
  <div
    className="ui dividing header"
  >
    Standard
  </div>
  <div
    className="ui form "
  >
    <div
      className="fields"
    >
      <div
        className="sixteen wide field"
      >
        <div
          className="ui top attached tabular menu"
        >
          <a
            className="active item"
            onClick={[Function]}
          >
            <i
              aria-hidden="true"
              className="user icon"
              onClick={[Function]}
            />
            Person
          </a>
          <a
            className="item"
            onClick={[Function]}
          >
            <i
              aria-hidden="true"
              className="car icon"
              onClick={[Function]}
            />
            Car
          </a>
        </div>
        <div
          className="ui bottom attached segment"
        >
          <div
            className="ui form "
          >
            <div
              className="fields"
            >
              <div
                className="eight wide field"
              >
                <label
                  htmlFor="name"
                >
                  Name
                </label>
                <div
                  className="ui input"
                >
                  <input
                    name="name"
                    onChange={[Function]}
                    type="text"
                    value=""
                  />
                </div>
              </div>
              <div
                className="eight wide field"
              >
                <label
                  htmlFor="address"
                >
                  Address
                </label>
                <div
                  className="ui input"
                >
                  <input
                    name="address"
                    onChange={[Function]}
                    type="text"
                    value=""
                  />
                </div>
              </div>
            </div>
          </div>
        </div>
      </div>
    </div>
  </div>
  <div
    className="ui dividing header"
  >
    Readonly
  </div>
  <div
    className="ui form form-hjcaghiia"
  >
    <div
      className="fields"
    >
      <div
        className="sixteen wide field"
      >
        <div
          className="ui top attached tabular menu"
        >
          <a
            className="active item"
            onClick={[Function]}
          >
            <i
              aria-hidden="true"
              className="user icon"
              onClick={[Function]}
            />
            Person
          </a>
          <a
            className="item"
            onClick={[Function]}
          >
            <i
              aria-hidden="true"
              className="car icon"
              onClick={[Function]}
            />
            Car
          </a>
        </div>
        <div
          className="ui bottom attached segment"
        >
          <div
            className="ui form form-hjcaghiia"
          >
            <div
              className="fields"
            >
              <div
                className="eight wide field"
              >
                <label
                  htmlFor="name"
                >
                  Name
                </label>
                <div
                  className="ui disabled input"
                >
                  <input
                    disabled={true}
                    name="name"
                    onChange={[Function]}
                    tabIndex={-1}
                    type="text"
                    value=""
                  />
                </div>
              </div>
              <div
                className="eight wide field"
              >
                <label
                  htmlFor="address"
                >
                  Address
                </label>
                <div
                  className="ui disabled input"
                >
                  <input
                    disabled={true}
                    name="address"
                    onChange={[Function]}
                    tabIndex={-1}
                    type="text"
                    value=""
                  />
                </div>
              </div>
            </div>
          </div>
        </div>
      </div>
    </div>
  </div>
</div>
`;

exports[`MenuView Menu Projection renders tab menu 1`] = `
<div
  className="ui segment ui form"
>
  <div
    className="ui dividing header"
  >
    Standard
  </div>
  <div
    className="ui form "
  >
    <div
      className="fields"
    >
      <div
        className="sixteen wide field"
      >
        <div
          className="ui top attached tabular menu"
        >
          <a
            className="active item"
            onClick={[Function]}
          >
            <i
              aria-hidden="true"
              className="user icon"
              onClick={[Function]}
            />
            Person
          </a>
          <a
            className="item"
            onClick={[Function]}
          >
            <i
              aria-hidden="true"
              className="car icon"
              onClick={[Function]}
            />
            Car
          </a>
        </div>
        <div
          className="ui bottom attached segment"
        >
          <div
            className="ui form "
          >
            <div
              className="fields"
            >
              <div
                className="eight wide field"
              >
                <label
                  htmlFor="name"
                >
                  Name
                </label>
                <div
                  className="ui input"
                >
                  <input
                    name="name"
                    onChange={[Function]}
                    type="text"
                    value=""
                  />
                </div>
              </div>
              <div
                className="eight wide field"
              >
                <label
                  htmlFor="address"
                >
                  Address
                </label>
                <div
                  className="ui input"
                >
                  <input
                    name="address"
                    onChange={[Function]}
                    type="text"
                    value=""
                  />
                </div>
              </div>
            </div>
          </div>
        </div>
      </div>
    </div>
  </div>
  <div
    className="ui dividing header"
  >
    Readonly
  </div>
  <div
    className="ui form form-hjcaghiia"
  >
    <div
      className="fields"
    >
      <div
        className="sixteen wide field"
      >
        <div
          className="ui top attached tabular menu"
        >
          <a
            className="active item"
            onClick={[Function]}
          >
            <i
              aria-hidden="true"
              className="user icon"
              onClick={[Function]}
            />
            Person
          </a>
          <a
            className="item"
            onClick={[Function]}
          >
            <i
              aria-hidden="true"
              className="car icon"
              onClick={[Function]}
            />
            Car
          </a>
        </div>
        <div
          className="ui bottom attached segment"
        >
          <div
            className="ui form form-hjcaghiia"
          >
            <div
              className="fields"
            >
              <div
                className="eight wide field"
              >
                <label
                  htmlFor="name"
                >
                  Name
                </label>
                <div
                  className="ui disabled input"
                >
                  <input
                    disabled={true}
                    name="name"
                    onChange={[Function]}
                    tabIndex={-1}
                    type="text"
                    value=""
                  />
                </div>
              </div>
              <div
                className="eight wide field"
              >
                <label
                  htmlFor="address"
                >
                  Address
                </label>
                <div
                  className="ui disabled input"
                >
                  <input
                    disabled={true}
                    name="address"
                    onChange={[Function]}
                    tabIndex={-1}
                    type="text"
                    value=""
                  />
                </div>
              </div>
            </div>
          </div>
        </div>
      </div>
    </div>
  </div>
</div>
`;

exports[`MenuView MenuProjection renders tab menu 1`] = `
<div
  className="ui segment ui form"
>
  <div
    className="ui dividing header"
  >
    Standard
  </div>
  <div
    className="ui form "
  >
    <div
      className="fields"
    >
      <div
        className="sixteen wide field"
      >
        <div
          className="ui top attached tabular menu"
        >
          <a
            className="active item"
            onClick={[Function]}
          >
            <i
              aria-hidden="true"
              className="user icon"
              onClick={[Function]}
            />
            Person
          </a>
          <a
            className="item"
            onClick={[Function]}
          >
            <i
              aria-hidden="true"
              className="car icon"
              onClick={[Function]}
            />
            Car
          </a>
        </div>
        <div
          className="ui bottom attached segment"
        >
          <div
            className="ui form "
          >
            <div
              className="fields"
            >
              <div
                className="eight wide field"
              >
                <label
                  htmlFor="name"
                >
                  Name
                </label>
                <div
                  className="ui input"
                >
                  <input
                    name="name"
                    onChange={[Function]}
                    type="text"
                    value=""
                  />
                </div>
              </div>
              <div
                className="eight wide field"
              >
                <label
                  htmlFor="address"
                >
                  Address
                </label>
                <div
                  className="ui input"
                >
                  <input
                    name="address"
                    onChange={[Function]}
                    type="text"
                    value=""
                  />
                </div>
              </div>
            </div>
          </div>
        </div>
      </div>
    </div>
  </div>
  <div
    className="ui dividing header"
  >
    Readonly
  </div>
  <div
    className="ui form form-hjcaghiia"
  >
    <div
      className="fields"
    >
      <div
        className="sixteen wide field"
      >
        <div
          className="ui top attached tabular menu"
        >
          <a
            className="active item"
            onClick={[Function]}
          >
            <i
              aria-hidden="true"
              className="user icon"
              onClick={[Function]}
            />
            Person
          </a>
          <a
            className="item"
            onClick={[Function]}
          >
            <i
              aria-hidden="true"
              className="car icon"
              onClick={[Function]}
            />
            Car
          </a>
        </div>
        <div
          className="ui bottom attached segment"
        >
          <div
            className="ui form form-hjcaghiia"
          >
            <div
              className="fields"
            >
              <div
                className="eight wide field"
              >
                <label
                  htmlFor="name"
                >
                  Name
                </label>
                <div
                  className="ui disabled input"
                >
                  <input
                    disabled={true}
                    name="name"
                    onChange={[Function]}
                    tabIndex={-1}
                    type="text"
                    value=""
                  />
                </div>
              </div>
              <div
                className="eight wide field"
              >
                <label
                  htmlFor="address"
                >
                  Address
                </label>
                <div
                  className="ui disabled input"
                >
                  <input
                    disabled={true}
                    name="address"
                    onChange={[Function]}
                    tabIndex={-1}
                    type="text"
                    value=""
                  />
                </div>
              </div>
            </div>
          </div>
        </div>
      </div>
    </div>
  </div>
</div>
`;

exports[`MenuView Projection renders tab menu 1`] = `
<div
  className="ui segment ui form"
>
  <div
    className="ui dividing header"
  >
    Standard
  </div>
  <div
    className="ui form "
  >
    <div
      className="fields"
    >
      <div
        className="sixteen wide field"
      >
        <div
          className="ui top attached tabular menu"
        >
          <a
            className="active item"
            onClick={[Function]}
          >
            <i
              aria-hidden="true"
              className="user icon"
              onClick={[Function]}
            />
            Person
          </a>
          <a
            className="item"
            onClick={[Function]}
          >
            <i
              aria-hidden="true"
              className="car icon"
              onClick={[Function]}
            />
            Car
          </a>
        </div>
        <div
          className="ui bottom attached segment"
        >
          <div
            className="ui form "
          >
            <div
              className="fields"
            >
              <div
                className="eight wide field"
              >
                <label
                  htmlFor="name"
                >
                  Name
                </label>
                <div
                  className="ui input"
                >
                  <input
                    name="name"
                    onChange={[Function]}
                    type="text"
                    value=""
                  />
                </div>
              </div>
              <div
                className="eight wide field"
              >
                <label
                  htmlFor="address"
                >
                  Address
                </label>
                <div
                  className="ui input"
                >
                  <input
                    name="address"
                    onChange={[Function]}
                    type="text"
                    value=""
                  />
                </div>
              </div>
            </div>
          </div>
        </div>
      </div>
    </div>
  </div>
  <div
    className="ui dividing header"
  >
    Readonly
  </div>
  <div
    className="ui form form-hjcaghiia"
  >
    <div
      className="fields"
    >
      <div
        className="sixteen wide field"
      >
        <div
          className="ui top attached tabular menu"
        >
          <a
            className="active item"
            onClick={[Function]}
          >
            <i
              aria-hidden="true"
              className="user icon"
              onClick={[Function]}
            />
            Person
          </a>
          <a
            className="item"
            onClick={[Function]}
          >
            <i
              aria-hidden="true"
              className="car icon"
              onClick={[Function]}
            />
            Car
          </a>
        </div>
        <div
          className="ui bottom attached segment"
        >
          <div
            className="ui form form-hjcaghiia"
          >
            <div
              className="fields"
            >
              <div
                className="eight wide field"
              >
                <label
                  htmlFor="name"
                >
                  Name
                </label>
                <div
                  className="ui disabled input"
                >
                  <input
                    disabled={true}
                    name="name"
                    onChange={[Function]}
                    tabIndex={-1}
                    type="text"
                    value=""
                  />
                </div>
              </div>
              <div
                className="eight wide field"
              >
                <label
                  htmlFor="address"
                >
                  Address
                </label>
                <div
                  className="ui disabled input"
                >
                  <input
                    disabled={true}
                    name="address"
                    onChange={[Function]}
                    tabIndex={-1}
                    type="text"
                    value=""
                  />
                </div>
              </div>
            </div>
          </div>
        </div>
      </div>
    </div>
  </div>
</div>
`;

exports[`MenuView renders correctly 1`] = `
<div
  className="ui segment ui form"
>
  <div
    className="ui dividing header"
  >
    Standard
  </div>
  <div
    className="ui form "
  >
    <div
      className="fields"
    >
      <div
        className="sixteen wide field"
      >
        <label
          htmlFor="description"
        >
          Description
        </label>
        <textarea
          error=""
          name="description"
          onChange={[Function]}
          onInput={[Function]}
          placeholder={null}
          rows={3}
          style={
            Object {
              "resize": "",
            }
          }
          value="Some Description"
        />
      </div>
    </div>
    <div
      className="fields"
    >
      <div
        className="sixteen wide field"
      >
        <label
          htmlFor="empty"
        >
          Description
        </label>
        <textarea
          error=""
          name="empty"
          onChange={[Function]}
          onInput={[Function]}
          placeholder="Render me!"
          rows={3}
          style={
            Object {
              "resize": "",
            }
          }
          value=""
        />
      </div>
    </div>
  </div>
  <div
    className="ui dividing header"
  >
    Readonly
  </div>
  <div
    className="ui form form-hjcaghiia"
  >
    <div
      className="fields"
    >
      <div
        className="sixteen wide field"
      >
        <label
          htmlFor="description"
        >
          Description
        </label>
        <textarea
          disabled={true}
          error=""
          name="description"
          onChange={[Function]}
          onInput={[Function]}
          placeholder={null}
          rows={3}
          style={
            Object {
              "resize": "",
            }
          }
          value="Some Description"
        />
      </div>
    </div>
    <div
      className="fields"
    >
      <div
        className="sixteen wide field"
      >
        <label
          htmlFor="empty"
        >
          Description
        </label>
        <textarea
          disabled={true}
          error=""
          name="empty"
          onChange={[Function]}
          onInput={[Function]}
          placeholder="Render me!"
          rows={3}
          style={
            Object {
              "resize": "",
            }
          }
          value=""
        />
      </div>
    </div>
  </div>
</div>
`;

exports[`TextArea renders correctly 1`] = `
<div
  className="ui segment ui form"
>
  <div
    className="ui dividing header"
  >
    Standard
  </div>
  <div
    className="ui form "
  >
    <div
      className="fields"
    >
      <div
        className="sixteen wide field"
      >
        <label
          htmlFor="description"
        >
          Description
        </label>
        <textarea
          error=""
          name="description"
          onChange={[Function]}
          onInput={[Function]}
          placeholder={null}
          rows={3}
          style={
            Object {
              "resize": "",
            }
          }
          value="Some Description"
        />
      </div>
    </div>
    <div
      className="fields"
    >
      <div
        className="sixteen wide field"
      >
        <label
          htmlFor="empty"
        >
          Description
        </label>
        <textarea
          error=""
          name="empty"
          onChange={[Function]}
          onInput={[Function]}
          placeholder="Render me!"
          rows={3}
          style={
            Object {
              "resize": "",
            }
          }
          value=""
        />
      </div>
    </div>
  </div>
  <div
    className="ui dividing header"
  >
    Readonly
  </div>
  <div
    className="ui form form-hjcaghiia"
  >
    <div
      className="fields"
    >
      <div
        className="sixteen wide field"
      >
        <label
          htmlFor="description"
        >
          Description
        </label>
        <textarea
          disabled={true}
          error=""
          name="description"
          onChange={[Function]}
          onInput={[Function]}
          placeholder={null}
          rows={3}
          style={
            Object {
              "resize": "",
            }
          }
          value="Some Description"
        />
      </div>
    </div>
    <div
      className="fields"
    >
      <div
        className="sixteen wide field"
      >
        <label
          htmlFor="empty"
        >
          Description
        </label>
        <textarea
          disabled={true}
          error=""
          name="empty"
          onChange={[Function]}
          onInput={[Function]}
          placeholder="Render me!"
          rows={3}
          style={
            Object {
              "resize": "",
            }
          }
          value=""
        />
      </div>
    </div>
  </div>
</div>
`;
