// Jest Snapshot v1, https://goo.gl/fbAQLP

exports[`Form Radio changes values 1`] = `
<div
  className="ui segment ui form"
>
  <style>
    .d-form-bgcibidbjc { 
  color: pink;
  font-size: 100px !important;
 }
.d-form-Aebfdiadfh { 
  padding: 9px 0px;
 }
.d-form-Adiagibjfa { 
  margin-right: 12px;
  margin-bottom: 6px;
 }
.d-form-bidfabidci { 
  margin: 6px 0px 12px 0px;
 }
.d-form-Abdgbhfjheg { 
  margin-bottom: 0px !important;
 }

  .fieldSet-bejaheefjb {
    border: solid 1px #ddd;
    border-radius: 5px;
    background-color: #fafafa;
  }


  .fieldSet-bejaheefjb legend {
    padding: 0px 6px;
    font-weight: bold;
  }
  </style>
  <div
    className="ui form"
  >
    <div
      className="fields"
    >
      <div
        className="inline field"
      >
        <label
          htmlFor="religion"
        >
          Religions
        </label>
        <div
          className="ui radio checkbox d-form-Adiagibjfa"
          onChange={[Function]}
          onClick={[Function]}
          onMouseDown={[Function]}
        >
          <input
            checked={false}
            className="hidden"
            name="religion"
            onClick={[Function]}
            readOnly={true}
            tabIndex={0}
            type="radio"
            value="CH"
          />
          <label>
            Christian
          </label>
        </div>
        <div
          className="ui checked radio checkbox d-form-Adiagibjfa"
          onChange={[Function]}
          onClick={[Function]}
          onMouseDown={[Function]}
        >
          <input
            checked={true}
            className="hidden"
            name="religion"
            onClick={[Function]}
            readOnly={true}
            tabIndex={0}
            type="radio"
            value="BU"
          />
          <label>
            Buddhist
          </label>
        </div>
        <div
          className="ui radio checkbox d-form-Adiagibjfa"
          onChange={[Function]}
          onClick={[Function]}
          onMouseDown={[Function]}
        >
          <input
            checked={false}
            className="hidden"
            name="religion"
            onClick={[Function]}
            readOnly={true}
            tabIndex={0}
            type="radio"
            value="JE"
          />
          <label>
            Jedi
          </label>
        </div>
      </div>
    </div>
    <div
      className="fields"
    >
      <div
        className="sixteen wide field"
      >
        <label
          htmlFor="lined_religion"
        >
          Religions
        </label>
        <div
          className="ui radio checkbox d-form-Adiagibjfa"
          onChange={[Function]}
          onClick={[Function]}
          onMouseDown={[Function]}
        >
          <input
            checked={false}
            className="hidden"
            name="lined_religion"
            onClick={[Function]}
            readOnly={true}
            tabIndex={0}
            type="radio"
            value="CH"
          />
          <label>
            Christian
          </label>
        </div>
        <br />
        <div
          className="ui checked radio checkbox d-form-Adiagibjfa"
          onChange={[Function]}
          onClick={[Function]}
          onMouseDown={[Function]}
        >
          <input
            checked={true}
            className="hidden"
            name="lined_religion"
            onClick={[Function]}
            readOnly={true}
            tabIndex={0}
            type="radio"
            value="BU"
          />
          <label>
            Buddhist
          </label>
        </div>
        <br />
        <div
          className="ui radio checkbox d-form-Adiagibjfa"
          onChange={[Function]}
          onClick={[Function]}
          onMouseDown={[Function]}
        >
          <input
            checked={false}
            className="hidden"
            name="lined_religion"
            onClick={[Function]}
            readOnly={true}
            tabIndex={0}
            type="radio"
            value="JE"
          />
          <label>
            Jedi
          </label>
        </div>
        <br />
      </div>
    </div>
  </div>
</div>
`;

exports[`Form Radio renders correctly 1`] = `
<div
  className="ui segment ui form"
>
  <style>
    .d-form-bgcibidbjc { 
  color: pink;
  font-size: 100px !important;
 }
.d-form-Aebfdiadfh { 
  padding: 9px 0px;
 }
.d-form-Adiagibjfa { 
  margin-right: 12px;
  margin-bottom: 6px;
 }
.d-form-bidfabidci { 
  margin: 6px 0px 12px 0px;
 }
.d-form-Abdgbhfjheg { 
  margin-bottom: 0px !important;
 }

  .fieldSet-bejaheefjb {
    border: solid 1px #ddd;
    border-radius: 5px;
    background-color: #fafafa;
  }


  .fieldSet-bejaheefjb legend {
    padding: 0px 6px;
    font-weight: bold;
  }
  </style>
  <div
    className="ui form"
  >
    <div
      className="fields"
    >
      <div
        className="inline field"
      >
        <label
          htmlFor="religion"
        >
          Religions
        </label>
        <div
          className="ui radio checkbox d-form-Adiagibjfa"
          onChange={[Function]}
          onClick={[Function]}
          onMouseDown={[Function]}
        >
          <input
            checked={false}
            className="hidden"
            name="religion"
            onClick={[Function]}
            readOnly={true}
            tabIndex={0}
            type="radio"
            value="CH"
          />
          <label>
            Christian
          </label>
        </div>
        <div
          className="ui radio checkbox d-form-Adiagibjfa"
          onChange={[Function]}
          onClick={[Function]}
          onMouseDown={[Function]}
        >
          <input
            checked={false}
            className="hidden"
            name="religion"
            onClick={[Function]}
            readOnly={true}
            tabIndex={0}
            type="radio"
            value="BU"
          />
          <label>
            Buddhist
          </label>
        </div>
        <div
          className="ui checked radio checkbox d-form-Adiagibjfa"
          onChange={[Function]}
          onClick={[Function]}
          onMouseDown={[Function]}
        >
          <input
            checked={true}
            className="hidden"
            name="religion"
            onClick={[Function]}
            readOnly={true}
            tabIndex={0}
            type="radio"
            value="JE"
          />
          <label>
            Jedi
          </label>
        </div>
      </div>
    </div>
    <div
      className="fields"
    >
      <div
        className="sixteen wide field"
      >
        <label
          htmlFor="lined_religion"
        >
          Religions
        </label>
        <div
          className="ui radio checkbox d-form-Adiagibjfa"
          onChange={[Function]}
          onClick={[Function]}
          onMouseDown={[Function]}
        >
          <input
            checked={false}
            className="hidden"
            name="lined_religion"
            onClick={[Function]}
            readOnly={true}
            tabIndex={0}
            type="radio"
            value="CH"
          />
          <label>
            Christian
          </label>
        </div>
        <br />
        <div
          className="ui checked radio checkbox d-form-Adiagibjfa"
          onChange={[Function]}
          onClick={[Function]}
          onMouseDown={[Function]}
        >
          <input
            checked={true}
            className="hidden"
            name="lined_religion"
            onClick={[Function]}
            readOnly={true}
            tabIndex={0}
            type="radio"
            value="BU"
          />
          <label>
            Buddhist
          </label>
        </div>
        <br />
        <div
          className="ui radio checkbox d-form-Adiagibjfa"
          onChange={[Function]}
          onClick={[Function]}
          onMouseDown={[Function]}
        >
          <input
            checked={false}
            className="hidden"
            name="lined_religion"
            onClick={[Function]}
            readOnly={true}
            tabIndex={0}
            type="radio"
            value="JE"
          />
          <label>
            Jedi
          </label>
        </div>
        <br />
      </div>
    </div>
  </div>
</div>
`;
