// Jest Snapshot v1, https://goo.gl/fbAQLP

exports[`Search renders 1`] = `
<div
  className="ui segment ui form"
>
  <div
    className="ui dividing header"
  >
    Standard
  </div>
  <div
    className="ui form "
  >
    <div
      className="fields"
    >
      <div
        className="six wide field"
      >
        <label
          htmlFor="country"
        >
          Country
        </label>
        <div
          className="ui loading search"
          onBlur={[Function]}
          onFocus={[Function]}
          onMouseDown={[Function]}
        >
          <div
            className="ui icon input"
          >
            <input
              autoComplete="off"
              className="prompt"
              onChange={[Function]}
              onClick={[Function]}
              tabIndex="0"
              type="text"
              value=""
            />
            <i
              aria-hidden="true"
              className="search icon"
              onClick={[Function]}
            />
          </div>
        </div>
      </div>
      <div
        className="six wide field"
      >
        <label
          htmlFor="country"
        >
          Country With Control
        </label>
        <div
          className="ui loading search"
          onBlur={[Function]}
          onFocus={[Function]}
          onMouseDown={[Function]}
        >
          <div
            className="ui icon input"
          >
            <input
              autoComplete="off"
              className="prompt"
              onChange={[Function]}
              onClick={[Function]}
              tabIndex="0"
              type="text"
              value=""
            />
            <i
              aria-hidden="true"
              className="search icon"
              onClick={[Function]}
            />
          </div>
        </div>
      </div>
    </div>
  </div>
  <div
    className="ui dividing header"
  >
    Readonly
  </div>
  <div
    className="ui form form-hjcaghiia"
  >
    <div
      className="fields"
    >
      <div
        className="six wide field"
      >
        <label
          htmlFor="country"
        >
          Country
        </label>
        <div
          className="ui disabled input"
        >
          <input
            disabled={true}
            onChange={[Function]}
            tabIndex={-1}
            type="text"
            value=""
          />
        </div>
      </div>
      <div
        className="six wide field"
      >
        <label
          htmlFor="country"
        >
          Country With Control
        </label>
        <div
          className="ui disabled input"
        >
          <input
            disabled={true}
            onChange={[Function]}
            tabIndex={-1}
            type="text"
            value=""
          />
        </div>
      </div>
    </div>
  </div>
</div>
`;
