// Jest Snapshot v1, https://goo.gl/fbAQLP

exports[`Table renders correctly 1`] = `
Array [
  <div
    className="ui segment ui form"
  >
    <div
      className="ui dividing header"
    >
      Standard
    </div>
    <div
      className="ui form "
    >
      <div
        className="fields"
      >
        <div
          className="sixteen wide field"
        >
          <div
            className="ui form"
          >
            <div
              className="fields d-form-Abdgbhfjheg"
            >
              <div
                className="eight wide field"
              >
                <label>
                  Name
                </label>
              </div>
              <div
                className="eight wide field"
              >
                <label>
                  Capital
                </label>
              </div>
            </div>
            <div
              className="fields"
            >
              <div
                className="eight wide field"
              >
                <div
                  className="ui input"
                >
                  <input
                    name="name"
                    onChange={[Function]}
                    type="text"
                    value="Slovakia"
                  />
                </div>
              </div>
              <div
                className="eight wide field"
              >
                <div
                  className="ui input"
                >
                  <input
                    name="capital"
                    onChange={[Function]}
                    type="text"
                    value="Bratislava"
                  />
                </div>
              </div>
              <div
                className="one wide field"
              >
                <button
                  className="ui blue icon button"
                  onClick={[Function]}
                  value={0}
                >
                  <i
                    aria-hidden="true"
                    className="trash icon"
                    onClick={[Function]}
                  />
                </button>
              </div>
            </div>
            <div
              className="fields"
            >
              <div
                className="eight wide field"
              >
                <div
                  className="ui input"
                >
                  <input
                    name="name"
                    onChange={[Function]}
                    type="text"
                    value="Australia"
                  />
                </div>
              </div>
              <div
                className="eight wide field"
              >
                <div
                  className="ui input"
                >
                  <input
                    name="capital"
                    onChange={[Function]}
                    type="text"
                    value="Canberra"
                  />
                </div>
              </div>
              <div
                className="one wide field"
              >
                <button
                  className="ui blue icon button"
                  onClick={[Function]}
                  value={1}
                >
                  <i
                    aria-hidden="true"
                    className="trash icon"
                    onClick={[Function]}
                  />
                </button>
              </div>
            </div>
            <button
              className="ui icon primary left labeled button"
              onClick={[Function]}
            >
              <i
                aria-hidden="true"
                className="plus icon"
                onClick={[Function]}
              />
              Add
            </button>
          </div>
        </div>
      </div>
    </div>
    <div
      className="ui dividing header"
    >
      Readonly
    </div>
    <div
      className="ui form form-hjcaghiia"
    >
      <div
        className="fields"
      >
        <div
          className="sixteen wide field"
        >
          <div
            className="ui form"
          >
            <div
              className="fields d-form-Abdgbhfjheg"
            >
              <div
                className="eight wide field"
              >
                <label>
                  Name
                </label>
              </div>
              <div
                className="eight wide field"
              >
                <label>
                  Capital
                </label>
              </div>
            </div>
            <div
              className="fields"
            >
              <div
                className="eight wide field"
              >
                <div
                  className="ui disabled input"
                >
                  <input
                    disabled={true}
                    name="name"
                    onChange={[Function]}
                    tabIndex={-1}
                    type="text"
                    value="Slovakia"
                  />
                </div>
              </div>
              <div
                className="eight wide field"
              >
                <div
                  className="ui disabled input"
                >
                  <input
                    disabled={true}
                    name="capital"
                    onChange={[Function]}
                    tabIndex={-1}
                    type="text"
                    value="Bratislava"
                  />
                </div>
              </div>
            </div>
            <div
              className="fields"
            >
              <div
                className="eight wide field"
              >
                <div
                  className="ui disabled input"
                >
                  <input
                    disabled={true}
                    name="name"
                    onChange={[Function]}
                    tabIndex={-1}
                    type="text"
                    value="Australia"
                  />
                </div>
              </div>
              <div
                className="eight wide field"
              >
                <div
                  className="ui disabled input"
                >
                  <input
                    disabled={true}
                    name="capital"
                    onChange={[Function]}
                    tabIndex={-1}
                    type="text"
                    value="Canberra"
                  />
                </div>
              </div>
            </div>
          </div>
        </div>
      </div>
    </div>
  </div>,
  <div
    style={
      Object {
        "marginTop": "20px",
      }
    }
  >
    <button
      className="ui button"
      onClick={[Function]}
    >
      Undo
    </button>
    <button
      className="ui button"
      onClick={[Function]}
    >
      Redo
    </button>
  </div>,
]
`;
