// Jest Snapshot v1, https://goo.gl/fbAQLP

exports[`TextArea renders correctly 1`] = `
<div
  className="ui segment ui form"
>
  <div
    className="ui dividing header"
  >
    Standard
  </div>
  <style>
    
  </style>
  <div
    className="ui form "
  >
    <div
      className="fields"
    >
      <div
        className="sixteen wide field"
      >
        <label
          htmlFor="description"
        >
          Description
        </label>
        <textarea
          error=""
          name="description"
          onChange={[Function]}
          onInput={[Function]}
          placeholder={null}
          rows={3}
          style={
            Object {
              "resize": "",
            }
          }
          value="Some Description"
        />
      </div>
    </div>
    <div
      className="fields"
    >
      <div
        className="sixteen wide field"
      >
        <label
          htmlFor="empty"
        >
          Description
        </label>
        <textarea
          error=""
          name="empty"
          onChange={[Function]}
          onInput={[Function]}
          placeholder="Render me!"
          rows={3}
          style={
            Object {
              "resize": "",
            }
          }
          value=""
        />
      </div>
    </div>
  </div>
  <div
    className="ui dividing header"
  >
    Readonly
  </div>
  <style>
    
  </style>
  <div
    className="ui form form-hjcaghiia"
  >
    <div
      className="fields"
    >
      <div
        className="sixteen wide field"
      >
        <label
          htmlFor="description"
        >
          Description
        </label>
        <textarea
          disabled={true}
          error=""
          name="description"
          onChange={[Function]}
          onInput={[Function]}
          placeholder={null}
          rows={3}
          style={
            Object {
              "resize": "",
            }
          }
          value="Some Description"
        />
      </div>
    </div>
    <div
      className="fields"
    >
      <div
        className="sixteen wide field"
      >
        <label
          htmlFor="empty"
        >
          Description
        </label>
        <textarea
          disabled={true}
          error=""
          name="empty"
          onChange={[Function]}
          onInput={[Function]}
          placeholder="Render me!"
          rows={3}
          style={
            Object {
              "resize": "",
            }
          }
          value=""
        />
      </div>
    </div>
  </div>
</div>
`;
